Running Gradle task 'assembleRelease'...                        
flutter : 
At line:1 char:1
+ flutter build apk 
--split-per-abi > 
build_output.txt 2>&1
+ ~~~~~~~~~~~~~~~~~~~
~~~~~~~~~~~~~~~~~~~~~
~~~~~~~~~~~~~~~~~
    + CategoryInfo   
           : NotSpe  
  cified: (:String   
 ) [], RemoteExce    
ption
    + FullyQualified 
   ErrorId : Native  
  CommandError
 
FAILURE: Build 
failed with an 
exception.

* Where:
Build file 'D:\mds\md
s\android\app\build.g
radle' line: 2

* What went wrong:
An exception 
occurred applying 
plugin request [id: '
dev.flutter.flutter-g
radle-plugin']
> Failed to apply 
plugin 'dev.flutter.f
lutter-gradle-plugin'
.
   > java.lang.NullPo
interException (no 
error message)

* Try:
> Run with 
--stacktrace option 
to get the stack 
trace.
> Run with --info or 
--debug option to 
get more log output.
> Run with --scan to 
get full insights.
> Get more help at ht
tps://help.gradle.org
.

BUILD FAILED in 1s
Running Gradle task 'assembleRelease'...                         1,957ms

ΓöîΓöÇ Flutter Fix ΓöÇΓöÇΓöÇΓöÇΓöÇΓöÇΓöÇΓöÇΓöÇΓöÇΓöÇΓöÇΓöÇΓöÇΓöÇΓöÇΓöÇΓöÇΓöÇΓöÇΓöÇΓöÇΓöÇΓöÇΓöÇΓöÇΓöÇΓöÇΓöÇΓöÇΓöÇΓöÇΓöÇΓöÇΓöÇΓöÇΓöÇΓöÇΓöÇΓöÇΓöÇΓöÇΓöÇΓöÇΓöÇΓöÇΓöÇΓöÇΓöÇΓöÇΓöÇΓöÇΓöÇΓöÇΓöÇΓöÇΓöÇΓöÇΓöÇΓöÇΓöÇΓöÇΓöÇΓöÇΓöÇΓöÇΓöÇΓöÇΓöÇΓöÇΓöÇΓöÇΓöÇΓöÇΓöÇΓöÇΓöÇΓöÇΓöÇΓöÇΓöÇΓöÉ
Γöé [!] Starting AGP 9+, only the new DSL interface will be read. This results in a build failure Γöé
Γöé when applying the Flutter Gradle plugin at D:\mds\mds\android\app\build.gradle.               Γöé
Γöé                                                                                               Γöé
Γöé To resolve this update flutter or opt out of `android.newDsl`. For instructions on how to opt Γöé
Γöé out, see: https://docs.flutter.dev/release/breaking-changes/migrate-to-agp-9                  Γöé
Γöé                                                                                               Γöé
Γöé If you are not upgrading to AGP 9+, run `flutter analyze --suggestions` to check for          Γöé
Γöé incompatible dependencies.                                                                    Γöé
ΓööΓöÇΓöÇΓöÇΓöÇΓöÇΓöÇΓöÇΓöÇΓöÇΓöÇΓöÇΓöÇΓöÇΓöÇΓöÇΓöÇΓöÇΓöÇΓöÇΓöÇΓöÇΓöÇΓöÇΓöÇΓöÇΓöÇΓöÇΓöÇΓöÇΓöÇΓöÇΓöÇΓöÇΓöÇΓöÇΓöÇΓöÇΓöÇΓöÇΓöÇΓöÇΓöÇΓöÇΓöÇΓöÇΓöÇΓöÇΓöÇΓöÇΓöÇΓöÇΓöÇΓöÇΓöÇΓöÇΓöÇΓöÇΓöÇΓöÇΓöÇΓöÇΓöÇΓöÇΓöÇΓöÇΓöÇΓöÇΓöÇΓöÇΓöÇΓöÇΓöÇΓöÇΓöÇΓöÇΓöÇΓöÇΓöÇΓöÇΓöÇΓöÇΓöÇΓöÇΓöÇΓöÇΓöÇΓöÇΓöÇΓöÇΓöÇΓöÇΓöÇΓöÇΓöÇΓöÇΓöÿ
Gradle task 
assembleRelease 
failed with exit 
code 1
